
Clover EFI installer log - Mon Feb 23 17:56:37 CST 2015
Installer version: v2.3k r3185 EFI bootloader
======================================================
/dev/disk0
   #:                       TYPE NAME                    SIZE       IDENTIFIER
   0:      GUID_partition_scheme                        *1.0 TB     disk0
   1:                        EFI EFI                     524.3 MB   disk0s1
   2:         Microsoft Reserved                         134.2 MB   disk0s2
   3:       Microsoft Basic Data win                     85.9 GB    disk0s3
   4:                  Apple_HFS Mac                     83.8 GB    disk0s4
   5:                  Apple_HFS                         2.1 GB     disk0s5
   6:       Microsoft Basic Data software                107.4 GB   disk0s6
   7:       Microsoft Basic Data data                    579.8 GB   disk0s7
   8:       Microsoft Basic Data personal                53.7 GB    disk0s8
   9:       Microsoft Basic Data backup                  86.5 GB    disk0s9
/dev/disk1
   #:                       TYPE NAME                    SIZE       IDENTIFIER
   0:      GUID_partition_scheme                        *1.0 TB     disk1
   1:                        EFI 1t-efi                  628.1 MB   disk1s1
   2:         Microsoft Reserved                         134.2 MB   disk1s2
   3:       Microsoft Basic Data BOOT_1TP                21.5 GB    disk1s3
   4:       Microsoft Basic Data win_1tp                 85.9 GB    disk1s4
   5:       Microsoft Basic Data software_1tp            85.9 GB    disk1s5
   6:                  Apple_HFS Macintosh HD            85.2 GB    disk1s6
   7:                  Apple_HFS Recovery HD             650.0 MB   disk1s7
   8:                  Apple_HFS Mac-Backup              85.8 GB    disk1s8
   9:       Microsoft Basic Data data_1tp                536.9 GB   disk1s9
  10:       Microsoft Basic Data backup                  42.9 GB    disk1s10
  11: DE94BBA4-06D1-4D40-A16A-BFD50179D6AC               54.5 GB    disk1s11
/dev/disk2
   #:                       TYPE NAME                    SIZE       IDENTIFIER
   0:     Apple_partition_scheme                        *955.4 MB   disk2
   1:        Apple_partition_map                         30.7 KB    disk2s1
   2:                  Apple_HFS OS X 10.10.2 Update ... 955.3 MB   disk2s2
======================================================
Backing up EFI files

Backing up /Volumes/Mac/EFIROOTDIR/EFI folder to /Volumes/Mac/EFI-Backups/r3176/2015-02-23-17h56/EFI
======================================================
Installing BootSectors/BootLoader

Stage 0 - Don't write any of boot0af, boot0md, boot0ss to /Volumes/Mac
Stage 1 - Don't write any of boot1h2, boot1f32alt, boot1xalt to /Volumes/Mac

Removing drivers32UEFI/VBoxHfs-32.efi driver because HFSPlus driver present

Removing drivers64UEFI/VBoxHfs-64.efi driver because HFSPlus driver present
======================================================
Installing RC Scripts

Installing RC scripts on target volume '/Volumes/Mac'


======================================================
=========== Clover EFI Installation Finish ===========
======================================================
